// Jest Snapshot v1, https://goo.gl/fbAQLP

exports[`ProductPagination 1`] = `
<div
  className="ui center aligned container"
  style={
    Object {
      "margin": "2em",
    }
  }
>
  <div
    aria-label="Pagination Navigation"
    className="ui pagination menu"
    role="navigation"
  >
    <a
      aria-current={false}
      aria-disabled={false}
      aria-label="First item"
      className="item"
      onClick={[Function]}
      onKeyDown={[Function]}
      tabIndex={0}
      type="firstItem"
      value={1}
    >
      «
    </a>
    <a
      aria-current={false}
      aria-disabled={false}
      aria-label="Previous item"
      className="item"
      onClick={[Function]}
      onKeyDown={[Function]}
      tabIndex={0}
      type="prevItem"
      value={1}
    >
      ⟨
    </a>
    <a
      aria-current={true}
      aria-disabled={false}
      className="active item"
      onClick={[Function]}
      onKeyDown={[Function]}
      tabIndex={0}
      type="pageItem"
      value={1}
    >
      1
    </a>
    <a
      aria-current={false}
      aria-disabled={false}
      className="item"
      onClick={[Function]}
      onKeyDown={[Function]}
      tabIndex={0}
      type="pageItem"
      value={2}
    >
      2
    </a>
    <a
      aria-current={false}
      aria-disabled={false}
      aria-label="Next item"
      className="item"
      onClick={[Function]}
      onKeyDown={[Function]}
      tabIndex={0}
      type="nextItem"
      value={2}
    >
      ⟩
    </a>
    <a
      aria-current={false}
      aria-disabled={false}
      aria-label="Last item"
      className="item"
      onClick={[Function]}
      onKeyDown={[Function]}
      tabIndex={0}
      type="lastItem"
      value={2}
    >
      »
    </a>
  </div>
</div>
`;
