// Jest Snapshot v1, https://goo.gl/fbAQLP

exports[`Cart 1`] = `
<div
  className="ui segment"
>
  <div
    className="ui divided items"
  >
    <div
      className="item"
      fluid="true"
    >
      <div
        className="image"
      >
        <img
          src="https://res-5.cloudinary.com/dwpujv6in/image/upload/c_pad,dpr_2.0,f_auto,h_930,q_auto,w_930/v1/media/catalog/product/f/d/fd1_lngchr_bh_frontlow-field-lounge-chair-tait-blush.jpg"
        />
      </div>
      <div
        className="content"
      >
        <a
          className="header"
          onClick={[Function]}
        >
          Bernie Gledhill
        </a>
        <div
          className="meta"
        >
          1 x $1399.02
        </div>
        <button
          className="ui basic icon right floated button"
          onClick={[Function]}
        >
          <i
            aria-hidden="true"
            className="remove icon"
            onClick={[Function]}
          />
        </button>
      </div>
    </div>
    <div
      className="item"
      fluid="true"
    >
      <div
        className="image"
      >
        <img
          src="https://res-3.cloudinary.com/dwpujv6in/image/upload/c_pad,dpr_2.0,f_auto,h_930,q_auto,w_930/v1/media/catalog/product/d/s/ds1_lngchr_ca-deep-thoughts-lounge-chair-camel-leather.jpg"
        />
      </div>
      <div
        className="content"
      >
        <a
          className="header"
          onClick={[Function]}
        >
          Gwendolen Bickerstaffe
        </a>
        <div
          className="meta"
        >
          2 x $1599.93
        </div>
        <button
          className="ui basic icon right floated button"
          onClick={[Function]}
        >
          <i
            aria-hidden="true"
            className="remove icon"
            onClick={[Function]}
          />
        </button>
      </div>
    </div>
    <div
      className="item"
      fluid="true"
    >
      <div
        className="image"
      >
        <img
          src="https://res-1.cloudinary.com/dwpujv6in/image/upload/c_pad,dpr_2.0,f_auto,h_930,q_auto,w_930/v1/media/catalog/product/r/u/ru1_rton69_m1_overhead-right-on-6-9-rug-color-mix-1.jpg"
        />
      </div>
      <div
        className="content"
      >
        <a
          className="header"
          onClick={[Function]}
        >
          Desi Avramovitz
        </a>
        <div
          className="meta"
        >
          3 x $699.57
        </div>
        <button
          className="ui basic icon right floated button"
          onClick={[Function]}
        >
          <i
            aria-hidden="true"
            className="remove icon"
            onClick={[Function]}
          />
        </button>
      </div>
    </div>
  </div>
  <div
    className="ui negative message"
  >
    <div
      className="header"
    >
      We\`re sorry we can\`t apply that discount
    </div>
    <p>
      ENV type error!
    </p>
  </div>
</div>
`;
