// Jest Snapshot v1, https://goo.gl/fbAQLP

exports[`Home 1`] = `
Array [
  <div
    className="ui centered stackable three cards"
  >
    <a
      className="ui teal fluid card"
      href="/product?_id=11111"
      onClick={[Function]}
    >
      <div
        className="image"
      >
        <img
          src="https://res-5.cloudinary.com/dwpujv6in/image/upload/c_pad,dpr_2.0,f_auto,h_930,q_auto,w_930/v1/media/catalog/product/f/d/fd1_lngchr_bh_frontlow-field-lounge-chair-tait-blush.jpg"
        />
      </div>
      <div
        className="content"
      >
        <div
          className="header"
        >
          Bernie Gledhill
        </div>
        <div
          className="meta"
        >
          $1399.02
        </div>
      </div>
    </a>
  </div>,
  <div
    className="ui center aligned container"
    style={
      Object {
        "margin": "2em",
      }
    }
  >
    <div
      aria-label="Pagination Navigation"
      className="ui pagination menu"
      role="navigation"
    >
      <a
        aria-current={false}
        aria-disabled={false}
        aria-label="First item"
        className="item"
        onClick={[Function]}
        onKeyDown={[Function]}
        tabIndex={0}
        type="firstItem"
        value={1}
      >
        «
      </a>
      <a
        aria-current={false}
        aria-disabled={false}
        aria-label="Previous item"
        className="item"
        onClick={[Function]}
        onKeyDown={[Function]}
        tabIndex={0}
        type="prevItem"
        value={1}
      >
        ⟨
      </a>
      <a
        aria-current={true}
        aria-disabled={false}
        className="active item"
        onClick={[Function]}
        onKeyDown={[Function]}
        tabIndex={0}
        type="pageItem"
        value={1}
      >
        1
      </a>
      <a
        aria-current={false}
        aria-disabled={false}
        aria-label="Next item"
        className="item"
        onClick={[Function]}
        onKeyDown={[Function]}
        tabIndex={0}
        type="nextItem"
        value={1}
      >
        ⟩
      </a>
      <a
        aria-current={false}
        aria-disabled={false}
        aria-label="Last item"
        className="item"
        onClick={[Function]}
        onKeyDown={[Function]}
        tabIndex={0}
        type="lastItem"
        value={1}
      >
        »
      </a>
    </div>
  </div>,
]
`;
