// Jest Snapshot v1, https://goo.gl/fbAQLP

exports[`ProductAttributes 1`] = `
Array [
  <h3
    className="ui header"
  >
    About this product
  </h3>,
  <p>
    Morbi vestibulum, velit id pretium iaculis, diam erat fermentum justo, nec condimentum neque sapien placerat ante. Nulla justo. Aliquam quis turpis eget elit sodales scelerisque. Mauris sit amet eros. Suspendisse accumsan tortor quis turpis. Sed ante. Vivamus tortor. Duis mattis egestas metus.
  </p>,
]
`;
